error: casting *pointer* to function `foo` as `i8`, which truncates the value
  --> $DIR/fn_to_numeric_cast.rs:10:13
   |
LL |     let _ = foo as i8;
   |             ^^^^^^^^^ help: try calling the function: `foo() as i8`
   |
   = note: `-D clippy::fn-to-numeric-cast` implied by `-D warnings`

error: casting *pointer* to function `foo` as `i16`, which truncates the value
  --> $DIR/fn_to_numeric_cast.rs:11:13
   |
LL |     let _ = foo as i16;
   |             ^^^^^^^^^^ help: try calling the function: `foo() as i16`

error: casting *pointer* to function `foo` as `i32`
  --> $DIR/fn_to_numeric_cast.rs:12:13
   |
LL |     let _ = foo as i32;
   |             ^^^^^^^^^^ help: try calling the function: `foo() as i32`

error: casting *pointer* to function `foo` as `i64`
  --> $DIR/fn_to_numeric_cast.rs:13:13
   |
LL |     let _ = foo as i64;
   |             ^^^^^^^^^^ help: try calling the function: `foo() as i64`

error: casting *pointer* to function `foo` as `i128`
  --> $DIR/fn_to_numeric_cast.rs:14:13
   |
LL |     let _ = foo as i128;
   |             ^^^^^^^^^^^ help: try calling the function: `foo() as i128`

error: casting *pointer* to function `foo` as `isize`
  --> $DIR/fn_to_numeric_cast.rs:15:13
   |
LL |     let _ = foo as isize;
   |             ^^^^^^^^^^^^ help: try calling the function: `foo() as isize`

error: casting *pointer* to function `foo` as `u8`, which truncates the value
  --> $DIR/fn_to_numeric_cast.rs:17:13
   |
LL |     let _ = foo as u8;
   |             ^^^^^^^^^ help: try calling the function: `foo() as u8`

error: casting *pointer* to function `foo` as `u16`, which truncates the value
  --> $DIR/fn_to_numeric_cast.rs:18:13
   |
LL |     let _ = foo as u16;
   |             ^^^^^^^^^^ help: try calling the function: `foo() as u16`

error: casting *pointer* to function `foo` as `u32`
  --> $DIR/fn_to_numeric_cast.rs:19:13
   |
LL |     let _ = foo as u32;
   |             ^^^^^^^^^^ help: try calling the function: `foo() as u32`

error: casting *pointer* to function `foo` as `u64`
  --> $DIR/fn_to_numeric_cast.rs:20:13
   |
LL |     let _ = foo as u64;
   |             ^^^^^^^^^^ help: try calling the function: `foo() as u64`

error: casting *pointer* to function `foo` as `u128`
  --> $DIR/fn_to_numeric_cast.rs:21:13
   |
LL |     let _ = foo as u128;
   |             ^^^^^^^^^^^ help: try calling the function: `foo() as u128`

error: casting *pointer* to function `foo` as `usize`
  --> $DIR/fn_to_numeric_cast.rs:22:13
   |
LL |     let _ = foo as usize;
   |             ^^^^^^^^^^^^
   |
   = note: `-D clippy::fn-to-numeric-cast-usize` implied by `-D warnings`
help: try calling the function
   |
LL |     let _ = foo() as usize;
   |             ^^^^^^^^^^^^^^
help: try casting to a function pointer first
   |
LL |     let _ = foo as fn() -> std::string::String as usize;
   |             ^^^^^^^^^^^^^^^^^^^^^^^^^^^^^^^^^^^^^^^^^^^

error: casting function pointer `abc` to `i8`, which truncates the value
  --> $DIR/fn_to_numeric_cast.rs:35:13
   |
LL |     let _ = abc as i8;
   |             ^^^^^^^^^ help: try casting to usize: `abc as usize`

error: casting function pointer `abc` to `i16`, which truncates the value
  --> $DIR/fn_to_numeric_cast.rs:36:13
   |
LL |     let _ = abc as i16;
   |             ^^^^^^^^^^ help: try casting to usize: `abc as usize`

error: casting function pointer `abc` to `i32`
  --> $DIR/fn_to_numeric_cast.rs:37:13
   |
LL |     let _ = abc as i32;
   |             ^^^^^^^^^^ help: try casting to usize: `abc as usize`

error: casting function pointer `abc` to `i64`
  --> $DIR/fn_to_numeric_cast.rs:38:13
   |
LL |     let _ = abc as i64;
   |             ^^^^^^^^^^ help: try casting to usize: `abc as usize`

error: casting function pointer `abc` to `i128`
  --> $DIR/fn_to_numeric_cast.rs:39:13
   |
LL |     let _ = abc as i128;
   |             ^^^^^^^^^^^ help: try casting to usize: `abc as usize`

error: casting function pointer `abc` to `isize`
  --> $DIR/fn_to_numeric_cast.rs:40:13
   |
LL |     let _ = abc as isize;
   |             ^^^^^^^^^^^^ help: try casting to usize: `abc as usize`

error: casting function pointer `abc` to `u8`, which truncates the value
  --> $DIR/fn_to_numeric_cast.rs:42:13
   |
LL |     let _ = abc as u8;
   |             ^^^^^^^^^ help: try casting to usize: `abc as usize`

error: casting function pointer `abc` to `u16`, which truncates the value
  --> $DIR/fn_to_numeric_cast.rs:43:13
   |
LL |     let _ = abc as u16;
   |             ^^^^^^^^^^ help: try casting to usize: `abc as usize`

error: casting function pointer `abc` to `u32`
  --> $DIR/fn_to_numeric_cast.rs:44:13
   |
LL |     let _ = abc as u32;
   |             ^^^^^^^^^^ help: try casting to usize: `abc as usize`

error: casting function pointer `abc` to `u64`
  --> $DIR/fn_to_numeric_cast.rs:45:13
   |
LL |     let _ = abc as u64;
   |             ^^^^^^^^^^ help: try casting to usize: `abc as usize`

error: casting function pointer `abc` to `u128`
  --> $DIR/fn_to_numeric_cast.rs:46:13
   |
LL |     let _ = abc as u128;
   |             ^^^^^^^^^^^ help: try casting to usize: `abc as usize`

error: casting function pointer `f` to `i32`
  --> $DIR/fn_to_numeric_cast.rs:53:5
   |
LL |     f as i32
   |     ^^^^^^^^ help: try casting to usize: `f as usize`

error: aborting due to 24 previous errors

